trace summary
┌─────────────────┬────────────┐
│ metric          │      value │
├─────────────────┼────────────┤
│ events          │      93429 │
├─────────────────┼────────────┤
│ timed events    │      46666 │
├─────────────────┼────────────┤
│ script duration │ 1461199 µs │
└─────────────────┴────────────┘

function calls (duration µs)
┌──────┬───────────────────┬───────┬─────────┬────────┬────────┬────────┬────────┬───────────────────┬────────┬────────┐
│ kind │ name              │ calls │   total │    p50 │    p75 │    p90 │    p99 │ slowest span      │    max │    avg │
├──────┼───────────────────┼───────┼─────────┼────────┼────────┼────────┼────────┼───────────────────┼────────┼────────┤
│ proc │ main              │     1 │ 1460517 │ 146051 │ 146051 │ 146051 │ 146051 │ /home/josh/d/lapu │ 146051 │ 146051 │
│      │                   │       │         │      7 │      7 │      7 │      7 │ ta-systems/packag │      7 │   7.00 │
│      │                   │       │         │        │        │        │        │ es/repo/musl/run- │        │        │
│      │                   │       │         │        │        │        │        │ package-build.xsh │        │        │
│      │                   │       │         │        │        │        │        │ :1:1-1:1          │        │        │
├──────┼───────────────────┼───────┼─────────┼────────┼────────┼────────┼────────┼───────────────────┼────────┼────────┤
│ pure │ PKGBUILD.build    │     1 │ 1457690 │ 145769 │ 145769 │ 145769 │ 145769 │ /home/josh/d/lapu │ 145769 │ 145769 │
│      │                   │       │         │      0 │      0 │      0 │      0 │ ta-systems/packag │      0 │   0.00 │
│      │                   │       │         │        │        │        │        │ es/repo/musl/run- │        │        │
│      │                   │       │         │        │        │        │        │ package-build.xsh │        │        │
│      │                   │       │         │        │        │        │        │ :7:5-7:16         │        │        │
├──────┼───────────────────┼───────┼─────────┼────────┼────────┼────────┼────────┼───────────────────┼────────┼────────┤
│ pure │ make.run_tasks    │     1 │ 1254317 │ 125431 │ 125431 │ 125431 │ 125431 │ /home/josh/d/lapu │ 125431 │ 125431 │
│      │                   │       │         │      7 │      7 │      7 │      7 │ ta-systems/packag │      7 │   7.00 │
│      │                   │       │         │        │        │        │        │ es/repo/musl/PKGB │        │        │
│      │                   │       │         │        │        │        │        │ UILD.xsh:300:3-30 │        │        │
│      │                   │       │         │        │        │        │        │ 0:38              │        │        │
├──────┼───────────────────┼───────┼─────────┼────────┼────────┼────────┼────────┼───────────────────┼────────┼────────┤
│ pure │ make.check_tasks  │     1 │  656408 │ 656408 │ 656408 │ 656408 │ 656408 │ /home/josh/d/lapu │ 656408 │ 656408 │
│      │                   │       │         │        │        │        │        │ ta-systems/packag │        │    .00 │
│      │                   │       │         │        │        │        │        │ es/pm/make.xsh:80 │        │        │
│      │                   │       │         │        │        │        │        │ 6:3-806:33        │        │        │
├──────┼───────────────────┼───────┼─────────┼────────┼────────┼────────┼────────┼───────────────────┼────────┼────────┤
│ pure │ make.compile_lo_t │     3 │  164973 │   2297 │ 162413 │ 162413 │ 162413 │ /home/josh/d/lapu │ 162413 │ 54991. │
│      │ asks              │       │         │        │        │        │        │ ta-systems/packag │        │     00 │
│      │                   │       │         │        │        │        │        │ es/repo/musl/PKGB │        │        │
│      │                   │       │         │        │        │        │        │ UILD.xsh:221:14-2 │        │        │
│      │                   │       │         │        │        │        │        │ 21:98             │        │        │
├──────┼───────────────────┼───────┼─────────┼────────┼────────┼────────┼────────┼───────────────────┼────────┼────────┤
│ pure │ make.compile_lo_t │  1320 │   72330 │     54 │     55 │     57 │     62 │ /home/josh/d/lapu │    112 │  54.80 │
│      │ ask               │       │         │        │        │        │        │ ta-systems/packag │        │        │
│      │                   │       │         │        │        │        │        │ es/pm/make.xsh:10 │        │        │
│      │                   │       │         │        │        │        │        │ 22:16-1022:109    │        │        │
├──────┼───────────────────┼───────┼─────────┼────────┼────────┼────────┼────────┼───────────────────┼────────┼────────┤
│ pure │ make.object_path_ │  1350 │   51651 │     38 │     38 │     39 │     43 │ /home/josh/d/lapu │    143 │  38.26 │
│      │ for_source        │       │         │        │        │        │        │ ta-systems/packag │        │        │
│      │                   │       │         │        │        │        │        │ es/pm/make.xsh:10 │        │        │
│      │                   │       │         │        │        │        │        │ 21:15-1021:58     │        │        │
├──────┼───────────────────┼───────┼─────────┼────────┼────────┼────────┼────────┼───────────────────┼────────┼────────┤
│ pure │ make.object_name_ │  1350 │   37735 │     28 │     28 │     29 │     32 │ /home/josh/d/lapu │    124 │  27.95 │
│      │ for_source        │       │         │        │        │        │        │ ta-systems/packag │        │        │
│      │                   │       │         │        │        │        │        │ es/pm/make.xsh:13 │        │        │
│      │                   │       │         │        │        │        │        │ 8:19-138:51       │        │        │
├──────┼───────────────────┼───────┼─────────┼────────┼────────┼────────┼────────┼───────────────────┼────────┼────────┤
│ pure │ make.spawn_task   │    32 │   32820 │    983 │    997 │   1050 │   1663 │ /home/josh/d/lapu │   1663 │ 1025.6 │
│      │                   │       │         │        │        │        │        │ ta-systems/packag │        │      2 │
│      │                   │       │         │        │        │        │        │ es/pm/make.xsh:84 │        │        │
│      │                   │       │         │        │        │        │        │ 6:34-846:50       │        │        │
├──────┼───────────────────┼───────┼─────────┼────────┼────────┼────────┼────────┼───────────────────┼────────┼────────┤
│ pure │ make.source_path  │  1350 │   12244 │      9 │      9 │      9 │     10 │ /home/josh/d/lapu │     70 │   9.07 │
│      │                   │       │         │        │        │        │        │ ta-systems/packag │        │        │
│      │                   │       │         │        │        │        │        │ es/pm/make.xsh:10 │        │        │
│      │                   │       │         │        │        │        │        │ 22:75-1022:97     │        │        │
├──────┼───────────────────┼───────┼─────────┼────────┼────────┼────────┼────────┼───────────────────┼────────┼────────┤
│ pure │ make.stamp_path   │  1351 │    8114 │      6 │      6 │      6 │      7 │ /home/josh/d/lapu │      9 │   6.01 │
│      │                   │       │         │        │        │        │        │ ta-systems/packag │        │        │
│      │                   │       │         │        │        │        │        │ es/pm/make.xsh:14 │        │        │
│      │                   │       │         │        │        │        │        │ 81:12-1481:27     │        │        │
├──────┼───────────────────┼───────┼─────────┼────────┼────────┼────────┼────────┼───────────────────┼────────┼────────┤
│ pure │ make.depfile_path │  1320 │    8090 │      6 │      6 │      6 │      8 │ /home/josh/d/lapu │     27 │   6.13 │
│      │                   │       │         │        │        │        │        │ ta-systems/packag │        │        │
│      │                   │       │         │        │        │        │        │ es/pm/make.xsh:98 │        │        │
│      │                   │       │         │        │        │        │        │ 8:17-988:34       │        │        │
├──────┼───────────────────┼───────┼─────────┼────────┼────────┼────────┼────────┼───────────────────┼────────┼────────┤
│ pure │ make.effective_ta │    32 │    5019 │    145 │    147 │    153 │    356 │ /home/josh/d/lapu │    356 │ 156.84 │
│      │ sk_argv           │       │         │        │        │        │        │ ta-systems/packag │        │        │
│      │                   │       │         │        │        │        │        │ es/pm/make.xsh:74 │        │        │
│      │                   │       │         │        │        │        │        │ 7:19-747:59       │        │        │
├──────┼───────────────────┼───────┼─────────┼────────┼────────┼────────┼────────┼───────────────────┼────────┼────────┤
│ pure │ PKGBUILD.regex_ca │    75 │    4450 │     50 │     59 │     93 │    235 │ /home/josh/d/lapu │    235 │  59.33 │
│      │ ptures            │       │         │        │        │        │        │ ta-systems/packag │        │        │
│      │                   │       │         │        │        │        │        │ es/repo/musl/PKGB │        │        │
│      │                   │       │         │        │        │        │        │ UILD.xsh:95:18-95 │        │        │
│      │                   │       │         │        │        │        │        │ :65               │        │        │
├──────┼───────────────────┼───────┼─────────┼────────┼────────┼────────┼────────┼───────────────────┼────────┼────────┤
│ pure │ make.effective_ta │    32 │    4407 │    133 │    134 │    136 │    270 │ /home/josh/d/lapu │    270 │ 137.72 │
│      │ sk_env            │       │         │        │        │        │        │ ta-systems/packag │        │        │
│      │                   │       │         │        │        │        │        │ es/pm/make.xsh:74 │        │        │
│      │                   │       │         │        │        │        │        │ 8:18-748:57       │        │        │
├──────┼───────────────────┼───────┼─────────┼────────┼────────┼────────┼────────┼───────────────────┼────────┼────────┤
│ pure │ make.native_cross │    64 │    4362 │     65 │     66 │     68 │    182 │ /home/josh/d/lapu │    182 │  68.16 │
│      │ _active           │       │         │        │        │        │        │ ta-systems/packag │        │        │
│      │                   │       │         │        │        │        │        │ es/pm/make.xsh:43 │        │        │
│      │                   │       │         │        │        │        │        │ 5:68-435:89       │        │        │
├──────┼───────────────────┼───────┼─────────┼────────┼────────┼────────┼────────┼───────────────────┼────────┼────────┤
│ pure │ make.compile_asm_ │     1 │    3132 │   3132 │   3132 │   3132 │   3132 │ /home/josh/d/lapu │   3132 │ 3132.0 │
│      │ lo_tasks          │       │         │        │        │        │        │ ta-systems/packag │        │      0 │
│      │                   │       │         │        │        │        │        │ es/repo/musl/PKGB │        │        │
│      │                   │       │         │        │        │        │        │ UILD.xsh:232:18-2 │        │        │
│      │                   │       │         │        │        │        │        │ 32:101            │        │        │
├──────┼───────────────────┼───────┼─────────┼────────┼────────┼────────┼────────┼───────────────────┼────────┼────────┤
│ pure │ make.argv_text    │    64 │    2640 │     40 │     41 │     43 │     86 │ /home/josh/d/lapu │     86 │  41.25 │
│      │                   │       │         │        │        │        │        │ ta-systems/packag │        │        │
│      │                   │       │         │        │        │        │        │ es/pm/make.xsh:43 │        │        │
│      │                   │       │         │        │        │        │        │ 3:14-433:33       │        │        │
├──────┼───────────────────┼───────┼─────────┼────────┼────────┼────────┼────────┼───────────────────┼────────┼────────┤
│ pure │ make.make_progres │    33 │    2551 │     74 │     76 │     78 │    170 │ /home/josh/d/lapu │    170 │  77.30 │
│      │ s                 │       │         │        │        │        │        │ ta-systems/packag │        │        │
│      │                   │       │         │        │        │        │        │ es/pm/make.xsh:85 │        │        │
│      │                   │       │         │        │        │        │        │ 0:13-852:14       │        │        │
├──────┼───────────────────┼───────┼─────────┼────────┼────────┼────────┼────────┼───────────────────┼────────┼────────┤
│ pure │ make.native_cross │    64 │    2126 │     31 │     32 │     34 │    131 │ /home/josh/d/lapu │    131 │  33.22 │
│      │ _target_arch      │       │         │        │        │        │        │ ta-systems/packag │        │        │
│      │                   │       │         │        │        │        │        │ es/pm/make.xsh:32 │        │        │
│      │                   │       │         │        │        │        │        │ 0:16-320:42       │        │        │
├──────┼───────────────────┼───────┼─────────┼────────┼────────┼────────┼────────┼───────────────────┼────────┼────────┤
│ pure │ make.prepare_task │    32 │    1759 │     53 │     54 │     56 │     91 │ /home/josh/d/lapu │     91 │  54.97 │
│      │ _dirs             │       │         │        │        │        │        │ ta-systems/packag │        │        │
│      │                   │       │         │        │        │        │        │ es/pm/make.xsh:74 │        │        │
│      │                   │       │         │        │        │        │        │ 1:3-741:26        │        │        │
├──────┼───────────────────┼───────┼─────────┼────────┼────────┼────────┼────────┼───────────────────┼────────┼────────┤
│ pure │ make.env_value    │   128 │    1657 │     12 │     13 │     13 │     33 │ /home/josh/d/lapu │    100 │  12.95 │
│      │                   │       │         │        │        │        │        │ ta-systems/packag │        │        │
│      │                   │       │         │        │        │        │        │ es/pm/make.xsh:31 │        │        │
│      │                   │       │         │        │        │        │        │ 0:16-310:47       │        │        │
├──────┼───────────────────┼───────┼─────────┼────────┼────────┼────────┼────────┼───────────────────┼────────┼────────┤
│ pure │ make.compile_asm_ │    30 │    1095 │     36 │     37 │     37 │     38 │ /home/josh/d/lapu │     38 │  36.50 │
│      │ lo_task           │       │         │        │        │        │        │ ta-systems/packag │        │        │
│      │                   │       │         │        │        │        │        │ es/pm/make.xsh:10 │        │        │
│      │                   │       │         │        │        │        │        │ 68:16-1068:99     │        │        │
├──────┼───────────────────┼───────┼─────────┼────────┼────────┼────────┼────────┼───────────────────┼────────┼────────┤
│ pure │ make.should_run   │    32 │    1017 │     30 │     31 │     33 │     59 │ /home/josh/d/lapu │     59 │  31.78 │
│      │                   │       │         │        │        │        │        │ ta-systems/packag │        │        │
│      │                   │       │         │        │        │        │        │ es/pm/make.xsh:84 │        │        │
│      │                   │       │         │        │        │        │        │ 5:12-845:28       │        │        │
├──────┼───────────────────┼───────┼─────────┼────────┼────────┼────────┼────────┼───────────────────┼────────┼────────┤
│ pure │ make.normalize_cr │   128 │     688 │      5 │      5 │      6 │     11 │ /home/josh/d/lapu │     12 │   5.38 │
│      │ oss_arch          │       │         │        │        │        │        │ ta-systems/packag │        │        │
│      │                   │       │         │        │        │        │        │ es/pm/make.xsh:31 │        │        │
│      │                   │       │         │        │        │        │        │ 6:10-316:38       │        │        │
├──────┼───────────────────┼───────┼─────────┼────────┼────────┼────────┼────────┼───────────────────┼────────┼────────┤
│ pure │ make.task_disable │    64 │     676 │     10 │     10 │     11 │     38 │ /home/josh/d/lapu │     38 │  10.56 │
│      │ s_native_cross    │       │         │        │        │        │        │ ta-systems/packag │        │        │
│      │                   │       │         │        │        │        │        │ es/pm/make.xsh:43 │        │        │
│      │                   │       │         │        │        │        │        │ 5:25-435:61       │        │        │
├──────┼───────────────────┼───────┼─────────┼────────┼────────┼────────┼────────┼───────────────────┼────────┼────────┤
│ pure │ make.cancel_runni │     1 │     607 │    607 │    607 │    607 │    607 │ /home/josh/d/lapu │    607 │ 607.00 │
│      │ ng_uncompleted    │       │         │        │        │        │        │ ta-systems/packag │        │        │
│      │                   │       │         │        │        │        │        │ es/pm/make.xsh:89 │        │        │
│      │                   │       │         │        │        │        │        │ 7:9-897:63        │        │        │
├──────┼───────────────────┼───────┼─────────┼────────┼────────┼────────┼────────┼───────────────────┼────────┼────────┤
│ pure │ make.has_path     │    64 │     599 │      9 │     10 │     10 │     22 │ /home/josh/d/lapu │     22 │   9.36 │
│      │                   │       │         │        │        │        │        │ ta-systems/packag │        │        │
│      │                   │       │         │        │        │        │        │ es/pm/make.xsh:70 │        │        │
│      │                   │       │         │        │        │        │        │ 3:6-703:28        │        │        │
├──────┼───────────────────┼───────┼─────────┼────────┼────────┼────────┼────────┼───────────────────┼────────┼────────┤
│ pure │ make.output_missi │    32 │     569 │     16 │     17 │     18 │     35 │ /home/josh/d/lapu │     35 │  17.78 │
│      │ ng                │       │         │        │        │        │        │ ta-systems/packag │        │        │
│      │                   │       │         │        │        │        │        │ es/pm/make.xsh:68 │        │        │
│      │                   │       │         │        │        │        │        │ 3:6-683:26        │        │        │
├──────┼───────────────────┼───────┼─────────┼────────┼────────┼────────┼────────┼───────────────────┼────────┼────────┤
│ pure │ make.should_log_d │    32 │     364 │     10 │     10 │     12 │     40 │ /home/josh/d/lapu │     40 │  11.38 │
│      │ ynamic_progress   │       │         │        │        │        │        │ ta-systems/packag │        │        │
│      │                   │       │         │        │        │        │        │ es/pm/make.xsh:84 │        │        │
│      │                   │       │         │        │        │        │        │ 9:14-849:94       │        │        │
├──────┼───────────────────┼───────┼─────────┼────────┼────────┼────────┼────────┼───────────────────┼────────┼────────┤
│ pure │ make.completed_in │    33 │     198 │      5 │      6 │      6 │     21 │ /home/josh/d/lapu │     21 │   6.00 │
│      │ dex_key           │       │         │        │        │        │        │ ta-systems/packag │        │        │
│      │                   │       │         │        │        │        │        │ es/pm/make.xsh:77 │        │        │
│      │                   │       │         │        │        │        │        │ 6:32-776:58       │        │        │
├──────┼───────────────────┼───────┼─────────┼────────┼────────┼────────┼────────┼───────────────────┼────────┼────────┤
│ pure │ make.jobs         │     1 │     118 │    118 │    118 │    118 │    118 │ /home/josh/d/lapu │    118 │ 118.00 │
│      │                   │       │         │        │        │        │        │ ta-systems/packag │        │        │
│      │                   │       │         │        │        │        │        │ es/repo/musl/PKGB │        │        │
│      │                   │       │         │        │        │        │        │ UILD.xsh:300:25-3 │        │        │
│      │                   │       │         │        │        │        │        │ 00:36             │        │        │
├──────┼───────────────────┼───────┼─────────┼────────┼────────┼────────┼────────┼───────────────────┼────────┼────────┤
│ pure │ make.link_archive │     1 │     104 │    104 │    104 │    104 │    104 │ /home/josh/d/lapu │    104 │ 104.00 │
│      │ _task             │       │         │        │        │        │        │ ta-systems/packag │        │        │
│      │                   │       │         │        │        │        │        │ es/repo/musl/PKGB │        │        │
│      │                   │       │         │        │        │        │        │ UILD.xsh:252:22-2 │        │        │
│      │                   │       │         │        │        │        │        │ 52:74             │        │        │
├──────┼───────────────────┼───────┼─────────┼────────┼────────┼────────┼────────┼───────────────────┼────────┼────────┤
│ pure │ PKGBUILD.compiler │     1 │      95 │     95 │     95 │     95 │     95 │ /home/josh/d/lapu │     95 │  95.00 │
│      │ _rt_builtins      │       │         │        │        │        │        │ ta-systems/packag │        │        │
│      │                   │       │         │        │        │        │        │ es/repo/musl/PKGB │        │        │
│      │                   │       │         │        │        │        │        │ UILD.xsh:266:18-2 │        │        │
│      │                   │       │         │        │        │        │        │ 66:44             │        │        │
├──────┼───────────────────┼───────┼─────────┼────────┼────────┼────────┼────────┼───────────────────┼────────┼────────┤
│ proc │ util.target_arch  │     1 │      93 │     93 │     93 │     93 │     93 │ /home/josh/d/lapu │     93 │  93.00 │
│      │                   │       │         │        │        │        │        │ ta-systems/packag │        │        │
│      │                   │       │         │        │        │        │        │ es/repo/musl/PKGB │        │        │
│      │                   │       │         │        │        │        │        │ UILD.xsh:74:14-74 │        │        │
│      │                   │       │         │        │        │        │        │ :35               │        │        │
├──────┼───────────────────┼───────┼─────────┼────────┼────────┼────────┼────────┼───────────────────┼────────┼────────┤
│ pure │ make.makeflags_jo │     1 │      91 │     91 │     91 │     91 │     91 │ /home/josh/d/lapu │     91 │  91.00 │
│      │ bs                │       │         │        │        │        │        │ ta-systems/packag │        │        │
│      │                   │       │         │        │        │        │        │ es/pm/make.xsh:29 │        │        │
│      │                   │       │         │        │        │        │        │ 0:10-290:31       │        │        │
├──────┼───────────────────┼───────┼─────────┼────────┼────────┼────────┼────────┼───────────────────┼────────┼────────┤
│ pure │ make.parse_jobs   │     1 │      21 │     21 │     21 │     21 │     21 │ /home/josh/d/lapu │     21 │  21.00 │
│      │                   │       │         │        │        │        │        │ ta-systems/packag │        │        │
│      │                   │       │         │        │        │        │        │ es/pm/make.xsh:26 │        │        │
│      │                   │       │         │        │        │        │        │ 2:14-262:64       │        │        │
├──────┼───────────────────┼───────┼─────────┼────────┼────────┼────────┼────────┼───────────────────┼────────┼────────┤
│ pure │ util.normalize_ar │     1 │       4 │      4 │      4 │      4 │      4 │ /home/josh/d/lapu │      4 │   4.00 │
│      │ ch                │       │         │        │        │        │        │ ta-systems/packag │        │        │
│      │                   │       │         │        │        │        │        │ es/pm/util.xsh:28 │        │        │
│      │                   │       │         │        │        │        │        │ 1:12-281:43       │        │        │
└──────┴───────────────────┴───────┴─────────┴────────┴────────┴────────┴────────┴───────────────────┴────────┴────────┘

hot commands (top 10 by total ms)
┌──────────────┬───────────────┬───────┬─────────┬────────┬────────┬────────┬────────┬───────────────┬────────┬────────┐
│ kind         │ name          │ calls │   total │    p50 │    p75 │    p90 │    p99 │ slowest span  │    max │    avg │
├──────────────┼───────────────┼───────┼─────────┼────────┼────────┼────────┼────────┼───────────────┼────────┼────────┤
│ cwd          │ cd            │     1 │ 1460429 │ 146042 │ 146042 │ 146042 │ 146042 │ /home/josh/d/ │ 146042 │ 146042 │
│              │               │       │         │      9 │      9 │      9 │      9 │ laputa-system │      9 │   9.00 │
│              │               │       │         │        │        │        │        │ s/packages/re │        │        │
│              │               │       │         │        │        │        │        │ po/musl/run-p │        │        │
│              │               │       │         │        │        │        │        │ ackage-build. │        │        │
│              │               │       │         │        │        │        │        │ xsh:6:3-9:1   │        │        │
├──────────────┼───────────────┼───────┼─────────┼────────┼────────┼────────┼────────┼───────────────┼────────┼────────┤
│ method       │ Map.get       │  8196 │  517446 │     75 │     76 │     99 │    105 │ /home/josh/d/ │    362 │  63.13 │
│              │               │       │         │        │        │        │        │ laputa-system │        │        │
│              │               │       │         │        │        │        │        │ s/packages/pm │        │        │
│              │               │       │         │        │        │        │        │ /make.xsh:842 │        │        │
│              │               │       │         │        │        │        │        │ :20-842:47    │        │        │
├──────────────┼───────────────┼───────┼─────────┼────────┼────────┼────────┼────────┼───────────────┼────────┼────────┤
│ method       │ List.extend   │  5353 │    5370 │      0 │      1 │      1 │      2 │ /home/josh/d/ │    768 │   1.00 │
│              │               │       │         │        │        │        │        │ laputa-system │        │        │
│              │               │       │         │        │        │        │        │ s/packages/re │        │        │
│              │               │       │         │        │        │        │        │ po/musl/PKGBU │        │        │
│              │               │       │         │        │        │        │        │ ILD.xsh:233:1 │        │        │
│              │               │       │         │        │        │        │        │ 1-233:39      │        │        │
├──────────────┼───────────────┼───────┼─────────┼────────┼────────┼────────┼────────┼───────────────┼────────┼────────┤
│ method       │ Str.replace   │ 10843 │    2876 │      0 │      0 │      1 │      1 │ /home/josh/d/ │     67 │   0.27 │
│              │               │       │         │        │        │        │        │ laputa-system │        │        │
│              │               │       │         │        │        │        │        │ s/packages/pm │        │        │
│              │               │       │         │        │        │        │        │ /make.xsh:134 │        │        │
│              │               │       │         │        │        │        │        │ :10-134:62    │        │        │
├──────────────┼───────────────┼───────┼─────────┼────────┼────────┼────────┼────────┼───────────────┼────────┼────────┤
│ stream-stage │ where         │    55 │    2800 │     24 │     65 │    125 │    407 │ /home/josh/d/ │    407 │  50.91 │
│              │               │       │         │        │        │        │        │ laputa-system │        │        │
│              │               │       │         │        │        │        │        │ s/packages/re │        │        │
│              │               │       │         │        │        │        │        │ po/musl/PKGBU │        │        │
│              │               │       │         │        │        │        │        │ ILD.xsh:205:1 │        │        │
│              │               │       │         │        │        │        │        │ 4-205:54      │        │        │
├──────────────┼───────────────┼───────┼─────────┼────────┼────────┼────────┼────────┼───────────────┼────────┼────────┤
│ module       │ env.get       │   196 │    2279 │      2 │      3 │     52 │     80 │ /home/josh/d/ │    114 │  11.63 │
│              │               │       │         │        │        │        │        │ laputa-system │        │        │
│              │               │       │         │        │        │        │        │ s/packages/pm │        │        │
│              │               │       │         │        │        │        │        │ /make.xsh:788 │        │        │
│              │               │       │         │        │        │        │        │ :7-788:35     │        │        │
├──────────────┼───────────────┼───────┼─────────┼────────┼────────┼────────┼────────┼───────────────┼────────┼────────┤
│ method       │ Regex.capture │    75 │    1586 │     14 │     18 │     53 │    103 │ /home/josh/d/ │    103 │  21.15 │
│              │ s             │       │         │        │        │        │        │ laputa-system │        │        │
│              │               │       │         │        │        │        │        │ s/packages/re │        │        │
│              │               │       │         │        │        │        │        │ po/musl/PKGBU │        │        │
│              │               │       │         │        │        │        │        │ ILD.xsh:49:10 │        │        │
│              │               │       │         │        │        │        │        │ -49:27        │        │        │
├──────────────┼───────────────┼───────┼─────────┼────────┼────────┼────────┼────────┼───────────────┼────────┼────────┤
│ module       │ process.wait_ │     1 │    1419 │   1419 │   1419 │   1419 │   1419 │ /home/josh/d/ │   1419 │ 1419.0 │
│              │ ready         │       │         │        │        │        │        │ laputa-system │        │      0 │
│              │               │       │         │        │        │        │        │ s/packages/pm │        │        │
│              │               │       │         │        │        │        │        │ /make.xsh:887 │        │        │
│              │               │       │         │        │        │        │        │ :26-887:77    │        │        │
├──────────────┼───────────────┼───────┼─────────┼────────┼────────┼────────┼────────┼───────────────┼────────┼────────┤
│ module       │ regex.compile │    75 │     695 │      8 │      9 │      9 │     44 │ /home/josh/d/ │     44 │   9.27 │
│              │               │       │         │        │        │        │        │ laputa-system │        │        │
│              │               │       │         │        │        │        │        │ s/packages/re │        │        │
│              │               │       │         │        │        │        │        │ po/musl/PKGBU │        │        │
│              │               │       │         │        │        │        │        │ ILD.xsh:48:12 │        │        │
│              │               │       │         │        │        │        │        │ -48:34        │        │        │
├──────────────┼───────────────┼───────┼─────────┼────────┼────────┼────────┼────────┼───────────────┼────────┼────────┤
│ method       │ Path.display  │  5511 │     412 │      0 │      0 │      0 │      1 │ /home/josh/d/ │     65 │   0.07 │
│              │               │       │         │        │        │        │        │ laputa-system │        │        │
│              │               │       │         │        │        │        │        │ s/packages/pm │        │        │
│              │               │       │         │        │        │        │        │ /make.xsh:553 │        │        │
│              │               │       │         │        │        │        │        │ :17-553:33    │        │        │
└──────────────┴───────────────┴───────┴─────────┴────────┴────────┴────────┴────────┴───────────────┴────────┴────────┘
